// Jest Snapshot v1, https://goo.gl/fbAQLP

exports[`AddButton snapshot 1`] = `
<View
  accessible={true}
  focusable={false}
  onClick={[Function]}
  onResponderGrant={[Function]}
  onResponderMove={[Function]}
  onResponderRelease={[Function]}
  onResponderTerminate={[Function]}
  onResponderTerminationRequest={[Function]}
  onStartShouldSetResponder={[Function]}
  style={
    Object {
      "alignItems": "center",
      "backgroundColor": "#0C0D0D",
      "borderRadius": 30,
      "height": 60,
      "justifyContent": "center",
      "opacity": 1,
      "width": 60,
    }
  }
>
  <Text />
</View>
`;
