// Jest Snapshot v1, https://goo.gl/fbAQLP

exports[`<App /> renders correctly 1`] = `null`;

exports[`<App /> should render snapshot 1`] = `null`;

exports[`renders correctly 1`] = `null`;
